
> fitness-finance-tracker@0.0.0 build
> vite build

[36mvite v7.3.1 [32mbuilding client environment for production...[36m[39m
transforming...
[32mΓ£ô[39m 1065 modules transformed.
node.exe : [31mΓ£ù[39m Build failed in 921ms
At line:1 char:1
+ & "C:\Program Files\nodejs/node.exe" "C:\Program Files\nodejs/node_mo ...
+ ~~~~~~~~~~~~~~~~~~~~~~~~~~~~~~~~~~~~~~~~~~~~~~~~~~~~~~~~~~~~~~~~~~~~~
    + CategoryInfo          : NotSpecified: ([31mΓ£ù[39m Build failed in 921ms:String) [], 
    RemoteException
    + FullyQualifiedErrorId : NativeCommandError
 
[31merror during build:
[31m[vite-plugin-pwa:build] [plugin vite-plugin-pwa:build] 
src/components/layout/BottomNav.jsx: There was an error during the build:
  Could not resolve "../hooks/useAuth" from "src/components/layout/BottomNav.jsx"
Additionally, handling the error in the 'buildEnd' hook caused the following error:
  Could not resolve "../hooks/useAuth" from "src/components/layout/BottomNav.jsx"[31m
file: [36mC:/Users/Christian/.gemini/antigravity/scratch/fitness-finance-tracker/src/compone
nts/layout/BottomNav.jsx[31m
    at getRollupError (file:///C:/Users/Christian/.gemini/antigravity/scratch/fitness-finance
-tracker/node_modules/rollup/dist/es/shared/parseAst.js:402:41)
    at file:///C:/Users/Christian/.gemini/antigravity/scratch/fitness-finance-tracker/node_mo
dules/rollup/dist/es/shared/node-entry.js:23444:39
    at async catchUnfinishedHookActions (file:///C:/Users/Christian/.gemini/antigravity/scrat
ch/fitness-finance-tracker/node_modules/rollup/dist/es/shared/node-entry.js:22902:16)
    at async rollupInternal (file:///C:/Users/Christian/.gemini/antigravity/scratch/fitness-f
inance-tracker/node_modules/rollup/dist/es/shared/node-entry.js:23427:5)
    at async buildEnvironment (file:///C:/Users/Christian/.gemini/antigravity/scratch/fitness
-finance-tracker/node_modules/vite/dist/node/chunks/config.js:33541:12)
    at async Object.build (file:///C:/Users/Christian/.gemini/antigravity/scratch/fitness-fin
ance-tracker/node_modules/vite/dist/node/chunks/config.js:33900:19)
    at async Object.buildApp (file:///C:/Users/Christian/.gemini/antigravity/scratch/fitness-
finance-tracker/node_modules/vite/dist/node/chunks/config.js:33897:153)
    at async CAC.<anonymous> (file:///C:/Users/Christian/.gemini/antigravity/scratch/fitness-
finance-tracker/node_modules/vite/dist/node/cli.js:629:3)[39m
